[    0.000000] Linux version 4.10.0-42-generic (buildd@lgw01-amd64-012) (gcc vrsn .3.0 20170406 (Uun 63.0-1buu2) ) #46-Ubuntu SMP Mon Dec 4 14:38:01 UTC 2017 (Ubuntu 4.10.0-42.46-generic 4.10.17)
[    0.000000] Command line: BOOT_IMAGE=/boot/vmlinuz-4.10.0-42-generic root=LABEL=cloudimg-rootfs ro console=tty1 console=ttyS0
[    0.000000] KERNEL supported cpus:
[    0.000   IelenuineInl[   0.0000]   A AhentcA
    00000]  Ceau Ceauauls
[    0.000000] x86/fpu: Supporting XSAVE feature 0x001:x8flatinpot reisrs
[   0.000] x86/fu:upportngXSVE feaur0x02: SSreisrs
[   0.000] x6/u:Supprtg SA fature 0004: 'VXegisters
   0.000] x86/fpu xstteffet[2]: 576, xstate_sizes[2]:  256
[    0.000000] x86/fpu: Enabled xstate features 0x7, context size is 832 bytes, using 'standard' format.
[    0.000000] e820: BIOS-provided physical RAM map:
[    0.000000] BIOS-e820: [mem 0x0000000000000000-0x000000000009fbff] usable
[    0.000000] BIOS-e820: [mem 0x000000000009fc00-0x00000000009fff] rerv
[   0.000] BIOS-e820: [mem 0x00000000000f0000-0x00000000000fffff] reserved
[    0.000000] BIOS-e820: [mem 0x0000000000100000-0x000000003ffeffff] usable
[  0.0000 BS-820:[m 00000000ff000-0000003ffff] ACPI data
[    0.00000 BOS-e0:[mm 0x0000fec0000x000000c0fff] rseed
[    0.000] IOS-e80:me 0x00000ee0000-0000000fe0f] reerd[    00000] IOS-820:[mm 0x0000fffc0000-0x000000fffff]esrved[   0.00] NXExute Dible) rotection atie
[  0.000] SBI 25 prse.
[   00000] I:nnotekmbVirtuaoxirtulB, IOS rtlBox 12//26
[  00000] pevisor ette: KV
   00000] 20: as_p = 03f0 ax_ah_n  0x40000000
[   00.0000] MTR:isbled
[  0.00000]x8PAT:MTRRdibled, skipping PAT initialization too.
[    0.000000] x86/PAT: Configuration [0-7]: WB  WT  UC- UC  WB  WT  UC- UC  
[    0.000000] CPU MTRRs all blank - virtualized system.
[   0.000] foundSMMPtable at [me 000fff0-000fff] mapped atff8eff09f0]
[   00000] anng 1 aeafo lomery corruption
[  000000RAISK: [me0x6969000-0x374abfff]
[    0.000000] ACPI: Early table checksum verification disabled
[    0.000000] ACPI: RSDP 0x00000000E000 0024 (02BOX  )
[    0.000]ACP XT 0x00000000FFF0030 00003C (v01 VBOX   VBOXXSDT 000001 ASL  0061)
  .000000] ACPI: FACP 0x000000003FFF00F0 0000F4 (v04 VBOX   VBOXFACP 00000001 ASL  00000061)
[    0.0000ACPI: SD0x0000003F070 21 (v02 VB  BOXBS 00000IN 2010052
   0.0000ACPI: AC0x000003FFF020 000
[  00000] PI FAC 0000000FF020 0004
[   0.000000] CP AIC 0000003F00 000C 02 VOX VBOXAPIC 00000001 ASL  00000061)
[    0.000000] ACPI: SDT0x000003FF00 001CC (1 OX   VXCT 0000002 INTL 20100528)
[    0.000000] No NUMA configuration fun
[    0.0000] king noe t [mem 0x000000000000000-0000000fefff]
[    0.000000] NODE_DATA(0) allocated [mem 0x3ffc5000-0x3ffeffff]
[    0.000000] kvm-clock: Using msrs 4b564d01 and 4b564d00
[    0.000000] kvm-clock: cpu 0, msr 0:3ff45001, priarcp clock
  0.00000] kvm-clock: using sched offset of 3555909538 cycles
[    0.000000] clocksource: kvm-clock: mask: 0xffffffffffffffff max_cycles: 0x1cd42e4dffb, max_idle_ns: 859591483ns
   0.00000] Zone ranges:
[    0.000000]   DMA      [mem 0x0000000000001000-0x0000000000ffffff]
[    0.000000]   DMA32  [memx0000001000-0x00003ffeffff]
[    0.000000]   Normal   empty
[    0.000000]   Device   empty
[    0.000000] Movable zone start for each node
[    0.000000] Elyemory node ranges
[    0.000000]   node   0: [mem 0x0000000000001000-0x000000000fff][   0.000]  de  : [mm 0000000001000x0000000fefff]
[   .0000]niem setp de0 [mem 0x0000000000x0000003efff][  0.0000] ACI: PM-im I Port:0x08
[    0.000000] IOAPIC[0]: apic_id , rson 3, drssxf00000,GS0-3
[   0.000] ACPIINSRC_OV (s  busirq  glal_irq 2 dfl dl)
[    .000] ACPI I_SC_OVR (bus0 s_rq 9glalirq  l lvel)
[  .00000] ing ACI AD) foSM configuratin nfrmaton[    0.0000] smpboot: Allowing 2 CP, 0 hotplug CPUs
[    0.000000] PM: Registered nosave memory: [mem 0x00000000-0x00000fff]
[    0.000000] PM: Regisrenosave memory: [mem 0x0009f000-0x0009ffff]
[    0.000000] PMM: Risred nosave memory: [mem 0x000a0000-0x000effff]
[    0.000000] PM: Registered nosave memory: [m 000f00-0x000fffff]
[  0.00000e8: [mem 0x400000-0xfebffff available fr I evice
[  0.000000] Booting paravirtualized kernel on KVM
[    0.000000] clocksource: refined-jiffies: mask: 0xffffffff max_cycles: 0xffffffff, max_idle_ns: 7645519600211568 ns
[    0.000000] stup_percpu: NR_CPUS:8192 nr_cpumasbis:2 nr_cpu_ds n_node_ids:1
[    0.000000] percpu: Embedded 36 pages/cpu @ffff8effffc00000 s107992 r8192 d31272 u1048576
[    0.000000] PV qspinlock hash table entries: 256 (order: 0, 4096 bytes)
[    0.000000] Built 1 zonelists in Node order, mobility grouping on.  Total pages: 257913
[    0.000000] Policy zone: DMA32
[    0.000000] Kernel command line: BOOT_IMAGE=/boot/vmlinuz-4.10.0-42-generic root=LABEL=cloudimg-rootfs ro console=tty1 console=ttyS0
[    0.000000] PID hash table entries: 4096 (order3,2768bys)
[  00000] Memory: 998384K/1048120K availale903K krn cde, 66 rdata 30K rdaa,2236K iit234K bss, 473 resered, 0K a-serve
   0.00000] SLUB: HWalign=64, Order=0, inbjct=0, CPUs=2, Nodes=
[   0000000] Hierarchical RCU implementation.
[    0.000000] 	Build-time adjustment of leaf fanout to 64.
[    0.000000] 	RCU restricting CPUs from NR_CPUS=8192 to nr_cpu_ids=2.
[    0.000000] RCU: Adjusting geometry for rcu_fanout_leaf=64, nr_cpu_ids=2
[    0.000000] NR_IRQS:524544 nr_irqs:440 16
[    0.000000] Console: colour VGA+ 80x25
[    0.000000] console ty] eabd
[    0000] cso [ttyS0] enaled
[    00000] tsc: Detected 3095.998 MHz processor
[   11.829838] Calibrating delay loop (skipped) preset value.. 6191.99 BogoMIPS (lpj=12383992)
[   11.959811] pid_max: default: 32768 minimum: 301
[   12.029130] ACPI: Core revision 20160930
[   12.104170] ACPI: 2 ACPI AML tables successfully acquired and loaded
[   12.108592] Security Framework initialized
[   12.110038] Yama: becoming mindful.
[   12.123363] AppArmor: AppArmor initialized
[   12.124608] Dentry cache hash table entries: 131072 (order: 8, 1048576 bytes)
[   12.131080] Inode-cache hash table entries: 65536 (order: 7, 524288 bytes)
[   12.135984] Mount-cache hash table entries: 2048 (order: 2, 16384 bytes)
[   12.142993] Mountpoint-cache hash table entries: 2048 (order: 2, 16384 bytes)
[   12.155140] CPU: Physical Processor ID: 0
[   12.159156] CPU: Processor Core ID: 0
[   12.170374] mce: CPU supports 0 MCE banks
[   12.186385] Last level iTLB entries: 4KB 64, 2MB 8, 4MB 8
[   12.263621] Last level dTLB entries: 4KB 64, 2MB 0, 4MB 0, 1GB 4
[   12.371972] Freeing SMP alternatives memory: 36K
[   12.459502] ftrace: allocating 34200 entries in 134 pages
[   12.561939] smpboot: Max logical packages: 1
[   12.642490] x2apic enabled
[   12.705666] Switched APIC routing to physical x2apic.
[   12.738833] ..TIMER: vector=0x30 apic1=0 pin1=2 apic2=-1 pin2=-1
[   12.962120] smpboot: CPU0: Intel(R) Core(TM) i5-7267U CPU @ 3.10GHz (family: 0x6, model: 0x8e, stepping: 0x9)
[   13.147326] Performance Events: unsupported p6 CPU model 142 no PMU driver, software events only.
[   13.341663] KVM setup paravirtual spinlock
[   13.420029] smp: Bringing up secondary CPUs ...
[   13.488242] x86: Booting SMP configuration:
[   13.559488] .... node  #0, CPUs:      #1
[   13.559739] kvm-clock: cpu 1, msr 0:3ff45041, secondary cpu clock
[   13.582125] mce: CPU supports 0 MCE banks
[   13.585060] smp: Brought up 1 node, 2 CPUs
[   13.647687] smpboot: Total of 2 processors activated (12383.99 BogoMIPS)
[   13.728079] devtmpfs: initialized
[   13.792237] x86/mm: Memory block size: 128MB
[   13.880301] evm: security.selinux
[   13.934302] evm: security.SMACK64
[   13.986013] evm: security.SMACK64EXEC
[   14.051316] evm: security.SMACK64TRANSMUTE
[   14.102192] evm: security.SMACK64MMAP
[   14.147427] evm: security.ima
[   14.196063] evm: security.capability
[   14.231805] clocksource: jiffies: mask: 0xffffffff max_cycles: 0xffffffff, max_idle_ns: 7645041785100000 ns
[   14.376055] futex hash table entries: 512 (order: 3, 32768 bytes)
[   14.430370] pinctrl core: initialized pinctrl subsystem
[   14.511999] RTC time: 12:04:50, date: 02/02/18
[   14.583294] NET: Registered protocol family 16
[   14.623590] cpuidle: using governor ladder
[   14.647268] cpuidle: using governor menu
[   14.649532] PCCT header not found.
[   14.676474] ACPI: bus type PCI registered
[   14.677710] acpiphp: ACPI Hot Plug PCI Controller Driver version: 0.5
[   14.788070] PCI: Using configuration type 1 for base access
[   14.843932] HugeTLB registered 2 MB page size, pre-allocated 0 pages
[   14.868859] ACPI: Added _OSI(Module Device)
[   14.870110] ACPI: Added _OSI(Processor Device)
[   14.871331] ACPI: Added _OSI(3.0 _SCP Extensions)
[   14.872607] ACPI: Added _OSI(Processor Aggregator Device)
[   14.874397] ACPI: Executed 1 blocks of module-level executable AML code
[   14.877850] ACPI: Interpreter enabled
[   14.878974] ACPI: (supports S0 S5)
[   14.880042] ACPI: Using IOAPIC for interrupt routing
[   14.882961] PCI: Using host bridge windows from ACPI; if necessary, use "pci=nocrs" and report a bug
[   14.889031] ACPI: PCI Root Bridge [PCI0] (domain 0000 [bus 00-ff])
[   14.982374] acpi PNP0A03:00: _OSC: OS supports [ASPM ClockPM Segments MSI]
[   14.990016] acpi PNP0A03:00: _OSC: not requesting OS contrOS requires [ExtendedConfig ASPM ClockPM MSI]
[   15.249732] acpi PNP0A03:00: fail to add MMCONFIG information, can't access extended PCI configuration space under this bridge.
[   15.492470] PCI host bridge to bus 0000:00
[   15.561052] pci_bus 0000:00: root bus resource [io  0x0000-0x0cf7 window]
[   15.711533] pci_bus 0000:00: root bus resource [io  0x0d00-0xffff window]
[   15.844529] pci_bus 0000:00: root bus resource [mem 0x000a0000-0x000bffff window]
[   15.998891] pci_bus 0000:00: root bus resource [mem 0x40000000-0xfdffffff window]
[   16.145538] pci_bus 0000:00: root bus resource [bus 00-ff]
[   16.261669] pci 0000:00:01.1: legacy IDE quirk: reg 0x10: [io  0x01f0-0x01f7]
[   16.411900] pci 0000:00:01.1: legacy IDE quirk: reg 0x14: [io  0x03f6]
[   16.524704] pci 0000:00:01.1: legacy IDE quirk: reg 0x18: [io  0x0170-0x0177]
[   16.624646] pci 0000:00:01.1: legacy IDE quirk: reg 0x1c: [io  0x0376]
[   16.762772] pci 0000:00:07.0: quirk: [io  0x4000-0x403f] claimed by PIIX4 ACPI
[   16.928141] pci 0000:00:07.0: quirk: [io  0x4100-0x410f] claimed by PIIX4 SMB
[   17.108284] ACPI: PCI Interrupt Link [LNKA] (IRQs 5 9 10 *11)
[   17.243446] ACPI: PCI Interrupt Link [LNKB] (IRQs 5 9 *10 11)
[   17.353312] ACPI: PCI Interrupt Link [LNKC] (IRQs 5 *9 10 11)
[   17.470977] ACPI: PCI Interrupt Link [LNKD] (IRQs 5 9 10 *11)
[   17.571041] ACPI: Enabled 2 GPEs in block 00 to 07
[   17.668220] SCSI subsystem initialized
[   17.740755] pci 0000:00:02.0: vgaarb: setting as boot VGA device
[   17.768532] pci 0000:00:02.0: vgaarb: VGA device added: decodes=io+mem,owns=io+mem,locks=none
[   17.808919] pci 0000:00:02.0: vgaarb: bridge control possible
[   17.811985] vgaarb: loaded
[   17.865788] ACPI: bus type USB registered
[   17.880033] usbcore: registered new interface driver usbfs
[   17.881660] usbcore: registered new interface driver hub
[   17.914610] usbcore: registered new device driver usb
[   17.953202] PCI: Using ACPI for IRQ routing
[   17.999015] NetLabel: Initializing
[   18.032965] NetLabel:  domain hash size = 128
[   18.051153] NetLabel:  protocols = UNLABELED CIPSOv4 CALIPSO
[   18.082933] NetLabel:  unlabeled traffic allowed by default
[   18.107320] clocksource: Switched to clocksource kvm-clock
[   18.154161] VFS: Disk qtadqt_6.
[  1.37836] S:quot-cache hshab eri: 512 orr , 496byes
[ 18780]Aprm: pAorilysem Eabd  9.14] p:nPCPin
  199281pn P AI:ou 3deves
[   20.438950] clocksource: acpi_pm: mask: 0xffffff max_cycles: 0xffffff, max_idle_ns: 2085701024 ns
[   20.515446] NET: Registered protocol family 2
[   20.671142] TCP established hash table entries: 8192 (order: 4, 65536 bytes)
[   20.812780  TCP bind hash table entries: 8192 (order: 5, 131072 bytes)
[   21.048347] TCP: Hash tables configured (established 8192 bind 8192)
[   21.097463] UDP hash table entries: 512 (order: 2, 16384 bytes)
[   21.128764] UDP-Lite hash table entries: 512 (order: 2, 16384 bytes)
[   21.202229] NET: Registered protocol family 1
[   21.261773] pci 0000:00:00.0: Limiting direct PCI/PCI transfers
[   21.289581] pci 0000:00:01.0: Activating ISA DMA hang workarounds
[   21.291222] pci 0000:00:02.0: Video device with shadowed ROM at [mem 0x000c0000-0x000dffff]
[   21.395335] Unpacking initramfs...
[   .116 Feig nirdemory:15K  3.40] atrmtcmo risreplfo R dic(nPN devic found)
[   24.436983] Scanning for low memory corrptonve 6send
  240475ts: fid C ocoucealraio 36.9 z
[   25.436861] clocksource: tsc: mask: 0xffffffffffffffff max_cycles: 0x2ca183396e9, max_idle_ns: 440795361877 ns
[   25.437177] audit: initializing netlink subsys (disabled)
[   25.437417] Initialise system trusted keyrings
[   25.437434] audit: type=2000 audit(1517573088.265:1): initialized
[   25.437463] workingset: timestamp_bits=36 max_order=18 bucket_order=0
[   25.438618] zbud: loaded
[   25.438957] squashfs: version 4.0 (2009/01/31) Phillip Lougher
[   25.439090] fuse init (API version 7.26)
[   25.439626] Key type asymmetric registered
[   25.439627] Asymmetric key parser 'x509' registered
[   25.439651] Block layer SCSI generic (bsg) driver version 0.4 loaded (major 248)
[   25.439665] io scheduler noop registered
[   25.439666] io scheduler deadline registered
[   25.439675] io scheduler cfq registered (default)
[   26.212465] ACPI: AC Adapter [AC] (on-line)
[   26.277315] input: Power Button as /devices/LNXSYSTM:00/LNXPWRBN:00/input/input0
[   26.398835] ACPI: Power Button [PWRF]
[   26.450214] input: Sleep Button as /devices/LNXSYSTM:00/LNXSLPBN:00/input/input1
[   26.589318] ACPI: Sleep Button [SLPF]
[   26.631991] GHES: HEST is not enabled!
[   26.633149] ACPI: Battery Slot [BAT0] (battery present)
[   26.670445] Serial: 8250/16550 driver, 32 ports, IRQ sharing enabled
[   26.719606] 00:02: ttyS0 at I/O 0x3f8 (irq = 4, base_baud = 115200) is a 16550A
[   26.803184] Linux agpgart interface v0.103
[   26.899917] loop: module loaded
[   27.008748] scsi host0: ata_piix
[   27.048719] scsi host1: ata_piix
[   27.102457] ata1: PATA max UDMA/33 cmd 0x1f0 ctl 0x3f6 bmdma 0xd000 irq 14
[   27.110937] ata2: PATA max UDMA/33 cmd 0x170 ctl 0x376 bmdma 0xd008 irq 15
[   27.152651] libphy: Fixed MDIO Bus: probed
[   27.193852] tun: Universal TUN/TAP device driver, 1.6
[   27.195202] tun: (C) 1999-2004 Max Krasnyansky <maxk@qualcomm.com>
[   27.238833] PPP generic driver version 2.4.2
[   27.283714] ehci_hcd: USB 2.0 'Enhanced' Host Controller (EHCI) Driver
[[  27.308223] ehci-pci: EHCI PCI platform driver
[   27.320570] ehci-platform: EHCI generic platform driver
[   27.351213] ohci_hcd: USB 1.1 'Open' Host Controller (OHCI) Driver
[   27.362284] ohci-pci: OHCI PCI platform driver
[   27.369368] ohci-platform: OHCI generic platform driver
[   27.370780] uhci_hcd: USB Universal Host Controller Interface driver
[   27.372502] i8042: PNP: PS/2 Controller [PNP0303:PS2K,PNP0f03:PS2M] at 0x60,0x64 irq 1,12
[   27.376536] serio: i8042 KBD port at 0x60,0x64 irq 1
[   27.396511] serio: i8042 AUX port at 0x60,0x64 irq 12
[   27.409513] mousedev: PS/2 mouse device common for all mice
[   27.421595] input: AT Translated Set 2 keyboard as /devices/platform/i8042/serio0/input/input2
[   27.440708] rtc_cmos rtc_cmos: rtc core: registered rtc_cmos as rtc0
[   272948rt_cs c_cos aar utoneay11byesvr
[   28.218] c eventrie dve
[ 28517]eve-pp: evntveio1.3
[   29.110591] device-mapper: ioctl: 4.35.0-ioctl (2016-06-23) initialised: dm-devel@redhat.com
[   29.158691] ledtrig-cpu: registered to indicate activity on CPUs
[   29.267547] NET: Registered protocol family 10
[   29.356301] Segment Routing with IPv6
[   29.494916] NET: Registered protocol family 17
[   29.5686677 Key type dns_resolver registered
[   29.703756] registered taskstats version 1
[   29.778374] Loading compiled-in X.509 certificates
[   29.850911] Loaded X.509 cert 'Build time autogenerated kernel key: 7f994913c12d3608776ecc50b4bf450a699b2ced'
[   29.978581] zswap: loaded using pool lzo/zbud
[   30.008854] Key type big_key registered
[   30.037332] Key type trusted registered
[   30.051431] Key type encrypted registered
[   30.076185] AppArmor: AppArmor sha1 policy hashing enabled
[   30.088788] ima: No TPM chip found, activating TPM-bypass! (rc=-19)
[   30.090635] evm: HMAC attrs: 0x1
[   30.133805]   Magic number: 6:907:75
[   30.18516 r_costcmos: settngsyemlo t20-0022::0UT(11731)
[  310459 BOS ED acitv06 004-Ju250 vis un
[ 31995]DDinrmionoavlae.

[   32.188477] Freeing unused kernel memory: 2236K
[   32.355161] Write protecting the kernel read-only data: 14336k
[   32.473051] Freeing unused kernel memory: 1132K
[   32.576112] Freeing unused kernel memory: 276K
[   33.443516] x86/mm: Checked W+X mappings: passed, no W+X pages found.
Loading, please wait...
[   34.806628] random: systemd-udevd: uninitialized urandom read (16 bytes read)
starting version[   34.948540] random: systemd-udevd: uninitialized urandom read (16 bytes read)
 232
[   34.949368] random: udevadm: uninitialized urandom read (16 bytes read)
[   34.949384] random: udevadm: uninitialized urandom read (16 bytes read)
[   34.954985] random: udevadm: uninitialized urandom read (16 bytes read)
[   34.955003] random: udevadm: uninitialized urandom read (16 bytes read)
[   34.955310] random: udevadm: uninitialized urandom read (16 bytes read)
[   34.955387] random: udevadm: uninitialized urandom read (16 bytes read)
[   34.955401] random: udevadm: uninitialized urandom read (16 bytes read)
[   34.955666] random: udevadm: uninitialized urandom read (16 bytes read)
[   35.656944] e1000: Intel(R) PRO/1000 Network Driver - version 7.3.21-k8-NAPI
[   35.708468] e1000: Copyright (c) 1999-2006 Intel Corporation.
[   35.717465] Fusion MPT base driver 3.04.20
[   35.758490] Copyright (c) 1999-2008 LSI Corporation
[   35.795652] Fusion MPT SPI Host driver 3.04.20
[   35.809107] AVX2 version of gcm_enc/dec engaged.
[   35.817691] AES CTR mode by8 optimization enabled
[   35.991265] input: ImExPS/2 Generic Explorer Mouse as /devices/platform/i8042/serio1/input/input4
[   36.122406] e1000 0000:00:03.0 eth0: (PCI:33MHz:32-bit) 02:f2:d5:cb:ed:dc
[   36.148814] e1000 0000:00:03.0 eth0: Intel(R) PRO/1000 Network Connection
[   36.810297] e1000 0000:00:08.0 eth1: (PCI:33MHz:32-bit) 08:00:27:2a:a0:d3
[   36.864916] e1000 0000:00:08.0 eth1: Intel(R) PRO/1000 Network Connection
[   36.917565] mptbase: ioc0: Initiating bringup
[   37.030428] e1000 0000:00:08.0 enp0s8: renamed from eth1
[   37.116313] e1000 0000:00:03.0 enp0s3: renamed from eth0
[   37.239618] ioc0: LSI53C1030 A0: Capabilities={Initiator}
[   37.567206] scsi host2: ioc0: LSI53C1030 A0, FwRev=00000000h, Ports=1, MaxQ=256, IRQ=20
[   37.888216] scsi 2:0:0:0: Direct-Access     VBOX     HARDDISK         1.0  PQ: 0 ANSI: 5
[   37.914194] scsi target2:0:0: Beginning Domain Validation
[   38.004530] scsi target2:0:0: Domain Validation skipping write tests
[   38.072411] scsi target2:0:0: Ending Domain Validation
[   38.087574] scsi target2:0:0: asynchronous
[   38.117183] scsi 2:0:1:0: Direct-Access     VBOX     HARDDISK         1.0  PQ: 0 ANSI: 5
[   38.158246] scsi target2:0:1: Beginning Domain Validation
[   38.170666] scsi target2:0:1: Domain Validation skipping write tests
[   38.173028] scsi target2:0:1: Ending Domain Validation
[   38.192193] scsi target2:0:1: asynchronous
[   38.268066] random: fast init done
[   38.283471] sd 2:0:0:0: [sda] 20971520 512-byte logical blocks: (10.7 GB/10.0 GiB)
[   38.283556] sd 2:0:0:0: Attached scsi generic sg0 type 0
[   38.283895] sd 2:0:1:0: Attached scsi generic sg1 type 0
[   38.457718] sd 2:0:0:0: [sda] Write Protect is off
[   38.500423] sd 2:0:1:0: [sdb] 20480 512-byte logical blocks: (10.5 MB/10.0 MiB)
[   38.688707] sd 2:0:0:0: [sda] Incomplete mode parameter data
[   38.818281] sd 2:0:0:0: [sda] Assuming drive cache: write through
[   38.819942] sd 2:0:1:0: [sdb] Write Protect is off
[   38.820136] sd 2:0:1:0: [sdb] Incomplete mode parameter data
[   38.820137] sd 2:0:1:0: [sdb] Assuming drive cache: write through
[   38.821525] sd 2:0:1:0: [sdb] Attached SCSI disk
[   38.907863] floppy0: no floppy controllers found
[   38.907908] work still pending
[   39.224837]  sda: sda1
[   39.274676] sd 2:0:0:0: [sda] Attached SCSI disk
Begin: Loading essential drivers ... [   40.747614] raid6: sse2x1   gen() 10430 MB/s
[   40.863589] raid6: sse2x1   xor()  8464 MB/s
[   40.971537] raid6: sse2x2   gen() 14068 MB/s
[   41.087527] raid6: sse2x2   xor()  5857 MB/s
[   41.155753] raid6: sse2x4   gen() 14714 MB/s
[   41.207428] raid6: sse2x4   xor() 10452 MB/s
[   41.307579] raid6: avx2x1   gen() 21990 MB/s
[   41.363646] raid6: avx2x1   xor() 14987 MB/s
[   41.447584] raid6: avx2x2   gen() 24065 MB/s
[   41.535580] raid6: avx2x2   xor() 15403 MB/s
[   41.611556] raid6: avx2x4   gen() 26454 MB/s
[   41.703392] raid6: avx2x4   xor() 20897 MB/s
[   41.730342] raid6: using algorithm avx2x4 gen() 26454 MB/s
[   41.777745] raid6: .... xor() 20897 MB/s, rmw enabled
[   41.821773] raid6: using avx2x2 recovery algorithm
[   41.824787] xor: automatically using best checksumming function   avx       
[   42.010358] async_tx: api initialized (async)
done.
Begin: Running /scripts/init-p[   42.076276] Btrfs loaded, crc32c=crc32c-intel
remount ... done.
Begin: Mounting root file system ... Begin: Running /scripts/local-top ... done.
Begin: Running /scripts/local-premount ... Scanning for Btrfs filesystems
done.
Warning: fsck no[   42.154362] EXT4-fs (sda1): mounted filesystem with ordered data mode. Opts: (null)
t present, so skipping root file system
done.
Begin: Running /scripts/local-bottom ... done.
Begin: Running /scripts/init-bottom ... /scripts/init-bottom/plymouth: line 18: /bin/plymouth: not found
done.
[   42.598331] ip_tables: (C) 2000-2006 Netfilter Core Team
[   42.707680] systemd[1]: systemd 232 running in system mode. (+PAM +AUDIT +SELINUX +IMA +APPARMOR +SMACK +SYSVINIT +UTMP +LIBCRYPTSETUP +GCRYPT +GNUTLS +ACL +XZ +LZ4 +SECCOMP +BLKID +ELFUTILS +KMOD +IDN)
[   42.970056] systemd[1]: Detected virtualization oracle.
[   43.096303] systemd[1]: Detected architecture x86-64.

Welcome to [1mUbuntu 17.04[0m!

[   43.213959] systemd[1]: Set hostname to <ubuntu>.
[   44.026517] systemd[1]: Initializing machine ID from random generator.
[   44.167306] systemd[1]: Installed transient /etc/machine-id file.
[   44.597708] systemd[1]: Created slice User and Session Slice.
[[0;32m  OK  [0m] Created slice User and Session Slice.
[   45.852160] systemd[1]: Listening on Device-mapper event daemon FIFOs.
[[0;32m  OK  [0m] Listening on Device-mapper event daemon FIFOs.
[   47.364220] systemd[1]: Listening on /dev/initctl Compatibility Named Pipe.
[[0;32m  OK  [0m] Listening on /dev/initctl Compatibility Named Pipe.
[   48.823699] systemd[1]: Listening on udev Kernel Socket.
[[0;32m  OK  [0m] Listening on udev Kernel Socket.
[   50.004131] systemd[1]: Created slice System Slice.
[[0;32m  OK  [0m] Created slice System Slice.
[   51.035424] systemd[1]: Listening on Journal Socket (/dev/log).
[[0;32m  OK  [0m] Listening on Journal Socket (/dev/log).
[   51.961203] systemd[1]: Created slice system-serial\x2dgetty.slice.
[[   53.116933] random: crng init done
[0;32m  OK  [0m] Created slice system-serial\x2dgetty.slice.
[   53.876179] systemd[1]: Started Forward Password Requests to Wall Directory Watch.
[[0;32m  OK  [0m] Started Forward Password Requests to Wall Directory Watch.
[   54.932241] systemd[1]: Reached target Swap.
[[0;32m  OK  [0m] Reached target Swap.
[   55.791461] systemd[1]: Mounting POSIX Message Queue File System...
         Mounting POSIX Message Queue File System...
[   55.848073] systemd[1]: Listening on Journal Socket.
[[0;32m  OK  [0m] Listening on Journal Socket.
[   56.171980] systemd[1]: Starting Remount Root and Kernel File Systems...
         [   56.194028] EXT4-fs (sda1): re-mounted. Opts: (null)
Starting Remount Root and Kernel File Systems...
[   56.404315] systemd[1]: Starting Load Kernel Modules...
         Starting Load Ke[   56.534584] Loading iSCSI transport class v2.0-870.
rnel Modules...
[   56.599305] systemd[1]: Mounting Debug File System...
         Mounting Debug F[   56.707695] iscsi: registered transport (tcp)
ile System...
[   56.879492] systemd[1]: Reached target Slices.
[[0;32m  OK  [0m] Reached target Slices.
[   56.975554] systemd[1]: Listening on LVM2 poll daemon socket.
[[0;32m  OK  [0[   57.070662] iscsi: registered transport (iser)
m] Listening on LVM2 poll daemon socket.
[   57.189442] systemd[1]: Listening on LVM2 metadata daemon socket.
[[0;32m  OK  [0m] Listening on LVM2 metadata daemon socket.
         Starting Monitoring of LVM2 mirrorsâ€¦ng dmeventd or progress polling...
         Starting Nameserver information manager...
[[0;32m  OK  [0m] Reached target User and Group Name Lookups.
[[0;32m  OK  [0m] Listening on udev Control Socket.
[[0;32m  OK  [0m] Listening on Syslog Socket.
         Starting Set the console keyboard layout...
         Starting Uncomplicated firewall...
         Starting Create list of required stâ€¦ce nodes for the current kernel...
         Mounting Huge Pages File System...
[[0;32m  OK  [0m] Set up automount Arbitrary Executabâ€¦rmats File System Automount Point.
[[0;32m  OK  [0m] Listening on Journal Audit Socket.
         Starting Journal Service...
[[0;32m  OK  [0m] Mounted Huge Pages File System.
[[0;32m  OK  [0m] Mounted Debug File System.
[[0;32m  OK  [0m] Mounted POSIX Message Queue File System.
[[0;32m  OK  [0m] Started Journal Service.
[[0;32m  OK  [0m] Started Remount Root and Kernel File Systems.
[[0;32m  OK  [0m] Started Load Kernel Modules.
[[0;32m  OK  [0m] Started Uncomplicated firewall.
[[0;32m  OK  [0m] Started Create list of required staâ€¦vice nodes for the current kernel.
[[0;32m  OK  [0m] Started Nameserver information manager.
[[0;32m  OK  [0m] Started LVM2 metadata daemon.
         Starting Create Static Device Nodes in /dev...
         Mounting Configuration File System...
         Starting Apply Kernel Variables...
         Mounting FUSE Control File System...
         Starting Load/Save Random Seed...
         Starting udev Coldplug all Devices...
         Starting Initial cloud-init job (pre-networking)...
         Starting Flush Journal to Persistent Storage...
[[0;32m  OK  [0m] Mounted FUSE Control File System.
[[0;32m  OK  [0m] Mounted Configuration File System.
[[0;32m  OK  [0m] Started Monitoring of LVM2 mirrors,â€¦sing dmeventd or progress polling.
[[0;32m  OK  [0m] Started Create Static Device Nodes in /dev.
[[0;32m  OK  [0m] Started Apply Kernel Variables.
[[0;32m  OK  [0m] Started Load/Save Random Seed.
[[0;32m  OK  [0m] Started udev Coldplug all Devices.
         Starting udev Kernel Device Manager...
[[0;32m  OK  [0m] Started Flush Journal to Persistent Storage.
[[0;32m  OK  [0m] Started udev Kernel Device Manager.
[[0;32m  OK  [0m] Found device /dev/ttyS0.
[   42.744932] cloud-init[477]: Cloud-init v. 17.1 running 'init-local' at Fri, 02 Feb 2018 12:05:35 +0000. Up 42.04 seconds.
[[0;32m  OK  [0m] Found device 82540EM Gigabit Ethernâ€¦ler (PRO/1000 MT Desktop Adapter).
[[0;32m  OK  [0m] Started Initial cloud-init job (pre-networking).
[[0;32m  OK  [0m] Started Set the console keyboard layout.
[[0;32m  OK  [0m] Reached target Local File Systems (Pre).
[[0;32m  OK  [0m] Reached target Local File Systems.
         Starting ebtables ruleset management...
         Starting Create Volatile Files and Directories...
         Starting Set console font and keymap...
         Starting AppArmor initialization...
         Starting Commit a transient machine-id on disk...
         Starting Tell Plymouth To Write Out Runtime Data...
[[0;32m  OK  [0m] Started Dispatch Password Requests to Console Directory Watch.
[[0;32m  OK  [0m] Reached target Encrypted Volumes.
[[0;32m  OK  [0m] Started Create Volatile Files and Directories.
[[0;32m  OK  [0m] Started Set console font and keymap.
[[0;32m  OK  [0m] Started Commit a transient machine-id on disk.
[[0;32m  OK  [0m] Started Tell Plymouth To Write Out Runtime Data.
[[0;32m  OK  [0m] Listening on Load/Save RF Kill Switch Status /dev/rfkill Watch.
         Starting Update UTMP about System Boot/Shutdown...
[[0;32m  OK  [0m] Reached target System Time Synchronized.
[[0;32m  OK  [0m] Started ebtables ruleset management.
[[0;32m  OK  [0m] Reached target Network (Pre).
[[0;32m  OK  [0m] Started Update UTMP about System Boot/Shutdown.
[[0;32m  OK  [0m] Started AppArmor initialization.
[[0;32m  OK  [0m] Started ifup for enp0s3.
         Starting Raise network interfaces...
[[0;32m  OK  [0m] Started Raise network interfaces.
         Starting Initial cloud-init job (metadata service crawler)...
[[0;32m  OK  [0m] Reached target Network.
[   46.803379] cloud-init[1051]: Cloud-init v. 17.1 running 'init' at Fri, 02 Feb 2018 12:05:38 +0000. Up 45.79 seconds.
[[0;32m  OK  [0m] Started Initial cloud-init job (metadata service crawler).
[   46.893299] [cloud-init[0;32m  OK  [0m[1051]: ] ci-info: ++++++++++++++++++++++++++++++Net device info++++++++++++++++++++++++++++++Reached target Cloud-config availability.

[[0;32m  OK  [0m] Reached target System Initialization.
[   46.989069] [cloud-init[0;32m  OK  [0m[1051]: ] ci-info: +---------+-------+-----------+---------------+-------+-------------------+Started Daily Cleanup of Temporary Directories.

         Starting LXD - unix socket.
[   47.132997] cloud-init[1051]: ci-info: |  Device |   Up  |  Address  |      Mask     | Scope |     Hw-Address    |
[[0;32m  OK  [0m] Started Message of the Day.
[   47.150453] [cloud-init[0;32m  OK  [0m[1051]: ] ci-info: +---------+-------+-----------+---------------+-------+-------------------+Listening on UUID daemon activation socket.

[[0;32m  OK  [0m] Started ACPI Events Check.
[[0;32m  OK  [0m] Reached target Paths.
[[0;32m  OK  [0m] Started Timer to automatically refresh installed snaps.
[   47.312655] cloud-init[1051]: ci-info: | enp0s3: |  True | 10.0.2.15 | 255.255.255.0 |   .   | 02:f2:d5:cb:ed:dc |
[[0;32m  OK  [0m] Listening on D-Bus System Message Bus Socket.
[   47.693264] [cloud-init[0;32m  OK  [0m[1051]: ] ci-info: | enp0s3: |  True |     .     |       .       |   d   | 02:f2:d5:cb:ed:dc |Listening on ACPID Listen Socket.

         Starting Socket activation for snappy daemon.
[[0;32m  OK  [0m] Listening on LXD - unix socket.
[[0;32m  OK  [0m] Listening on Socket activation for snappy daemon.
[[0;32m  OK  [0m] Reached target Sockets.
[[0;32m  OK  [0m] Reached target Basic System.
         Starting Login Service...
[   47.877149] cloud-init[1051]: ci-info: | enp0s8: | False |     .     |       .       |   .   | 08:00:27:2a:a0:d3 |
[[0;32m  OK  [0m] Started ACPI event daemon.
[   48.264656] cloud-init[1051]: ci-info: |   lo:   |  True | 127.0.0.1 |   255.0.0.0   |   .   |         .         |
         Starting System Logging Service...
[   48.347549] [[0;32m  OK  [0m] Started Unattended Upgrades Shutdown.
cloud-init[1051]: ci-info: |   lo:   |  True |     .     |       .       |   d   |         .         |
         Starting LXD - container startup/shutdown...
[   48.432788] cloud-init[1051]: ci-info: +---------+-------+-----------+---------------+-------+-------------------+
[[0;32m  OK  [0m] Started FUSE filesystem for LXC.
[   48.514153] cloud-init[1051]: ci-info: +++++++++++++++++++++++++++Route IPv4 info++++++++++++++++++++++++++++
         Starting LSB: Record successful boot for GRUB...
[   48.593472] cloud-init[1051]: ci-info: +-------+-------------+----------+---------------+-----------+-------+
         Starting Accounts Service...
[   48.663183] cloud-init[1051]: ci-info: | Route | Destination | Gateway  |    Genmask    | Interface | Flags |
[[0;32m  OK  [0m] Started D-Bus System Message Bus.
[   48.744683] cloud-init[1051]: ci-info: +-------+-------------+----------+---------------+-----------+-------+
[   48.745090] cloud-init[1051]: ci-info: |   0   |   0.0.0.0   | 10.0.2.2 |    0.0.0.0    |   enp0s3  |   UG  |
[   48.745155] cloud-init[1051]: ci-info: |   1   |   10.0.2.0  | 0.0.0.0  | 255.255.255.0 |   enp0s3  |   U   |
         [   48.892931] Starting Network Name Resolution...cloud-init
[1051]: ci-info: +-------+-------------+----------+---------------+-----------+-------+
[[0;32m  OK  [0m] Started Deferred execution scheduler.
[   48.961096] cloud-init[1051]: Generating public/private rsa key pair.
[[   49.014868] cloud-init[1051]: Your identification has been saved in /etc/ssh/ssh_host_rsa_key.
[   49.015028] cloud-init[1051]: Your public key has been saved in /etc/ssh/ssh_host_rsa_key.pub.
[   49.015313] cloud-init[1051]: The key fingerprint is:
[   49.015600] cloud-init[1051]: SHA256:qabgrtLbeaLJp4Veg5KVhI6GVfuXNa9icWhFG8ixY0E root@ubuntu-zesty
[   49.015902] cloud-init[1051]: The key's randomart image is:
[0;32m  OK  [0m] Started Regular background program processing daemon.
[   49.017166] cloud-init[1051]: +---[RSA 2048]----+
         [   49.164258] Starting Snappy daemon...cloud-init
[1051]: |    .  oEoo      |
[[   49.241598] cloud-init[1051]: | . . .  o+ o     |
[   49.241860] cloud-init[1051]: |. o .   + =      |
[0;32m  OK  [0m] Started System Logging Service.
[   49.242122] cloud-init[1051]: |+o . . . B o     |
[[   49.344343] cloud-init[1051]: |ooo   . S . .    |
[   49.344571] cloud-init[1051]: |.o o   + o .     |
[0;32m  OK  [0m] Started Snappy daemon.
[[0;32m  OK  [0m] Started LXD - container startup/shutdown.[   49.345012] cloud-init[1051]: |o.+ + o o .      |
[   49.394643] cloud-init[1051]: |.=.*o=.. .       |
[   49.394869] cloud-init[1051]: |ooX=+o           |
[   49.395150] cloud-init[1051]: +----[SHA256]-----+

[   49.395433] cloud-init[1051]: Generating public/private dsa key pair.
[[   49.552462] cloud-init[1051]: Your identification has been saved in /etc/ssh/ssh_host_dsa_key.
[   49.552756] cloud-init[1051]: Your public key has been saved in /etc/ssh/ssh_host_dsa_key.pub.
[0;32m  OK  [0m] Started Login Service.
[[0;32m  OK  [0m[   49.553086] cloud-init[1051]: The key fingerprint is:
[   49.610592] cloud-init[1051]: SHA256:cxKuJ868NRD4e+jXbLarwjoC9aQL7agwIloyje4uE50 root@ubuntu-zesty
[   49.610841] cloud-init[1051]: The key's randomart image is:
] Started LSB: Record successful boot for GRUB.
[   49.611276] cloud-init[1051]: +---[DSA 1024]----+
[[   49.680409] cloud-init[1051]: |                 |
[   49.680865] cloud-init[1051]: |     .           |
[   49.681377] cloud-init[1051]: |    . . .        |
[   49.681441] cloud-init[1051]: |  . .. o .       |
[0;32m  OK  [0m] Started Network Name Resolution.
[   49.681511] cloud-init[1051]: | + =  o S .      |
[[   49.816586] cloud-init[1051]: |+oE .  = +       |
[   49.816942] cloud-init[1051]: |O*o. .= =o       |
[   49.817313] cloud-init[1051]: |X=+ .=o=..=      |
[   49.817387] cloud-init[1051]: |B= ..o*+.+oo     |
[0;32m  OK  [0m] Reached target Network is Online.
[   49.817524] cloud-init[1051]: +----[SHA256]-----+
[   49.880223] cloud-init[1051]: Generating public/private ecdsa key pair.
         Starting iSCSI initiator daemon (iscsid)...
[[0;32m  OK  [0m] Started Daily apt download activities.
[[   49.914498] cloud-init[1051]: Your identification has been saved in /etc/ssh/ssh_host_ecdsa_key.
[   49.976549] cloud-init[1051]: Your public key has been saved in /etc/ssh/ssh_host_ecdsa_key.pub.
[   49.976771] cloud-init[1051]: The key fingerprint is:
[   49.976864] cloud-init[1051]: SHA256:vOk4DcoRYvNM7TPch1tAQOsGa4FcB6LC8QZdEtCaahs root@ubuntu-zesty
[0;32m  OK  [0m] Started Daily apt upgrade and clean activities.
[   49.976939] cloud-init[1051]: The key's randomart image is:
[[0;32m  OK  [0m] Reached target Timers.
[   50.173194] cloud-init[1051]: +---[ECDSA 256]---+
         [   50.233174] Starting Pollinate to seed the pseudo random number generator...cloud-init
[1051]: | +=o=++.         |
         [   50.304280] Starting Apply the settings specified in cloud-config...cloud-init
[1051]: |.o+*.. ..        |
         [   50.344415] Starting Authorization Manager...cloud-init
[1051]: |o.=oo...         |
[[0;32m  OK  [0m] Started Authorization Manager.
[   50.394623] cloud-init[1051]: |.o= o=...        |
[[   50.440596] cloud-init[1051]: |.. *o+o.So       |
[   50.440905] cloud-init[1051]: |.E .+.* ooo      |
[0;32m  OK  [0m] Started iSCSI initiator daemon (iscsid).
[[0;32m  OK  [0m] Started Accounts Service.
         Starting Login to default iSCSI targets...
[   50.441095] cloud-init[1051]: |. o. o =o+       |
[[0;32m  OK  [0m] Started Login to default iSCSI targets.
[[0;32m  OK  [0m] Reached target Remote File Systems (Pre).
[[0;32m  OK  [0m] Reached target Remote File Systems.
         Starting LSB: VirtualBox Linux Additions...
         Starting LSB: daemon to balance interrupts for SMP systems...
         Starting LSB: automatic crash report generation...
         Starting Permit User Sessions...
[[0;32m  OK  [0m] Started Pollinate to seed the pseudo random number generator.
[[0;32m  OK  [0m] Started Permit User Sessions.
[   50.589206] cloud-init[1051]: | .  o .oo        |
         Starting Terminate Plymouth Boot Screen...
         Starting Hold until boot process finishes up...
[   50.868698] cloud-init[1051]: |      ...        |
         Starting OpenBSD Secure Shell server...
[[0;32m  OK  [0m] Started LSB: daemon to balance interrupts for SMP systems.
[[0;32m  OK  [0m] Started LSB: automatic crash report generation.
[   50.928981] cloud-init[1051]: +----[SHA256]-----+
[[0;32m  OK  [0m] Started LSB: VirtualBox Linux Additions.
[   50.984986] cloud-init[1051]: Generating public/private ed25519 key pair.
[   51.024248] cloud-init[1051]: Your identification has been saved in /etc/ssh/ssh_host_ed25519_key.
[[0;32m  OK  [0m] Started Terminate Plymouth Boot Screen.
[   51.024909] cloud-init[[0;32m  OK  [0m] Started Hold until boot process finishes up.
[[0;32m  OK  [0m] Started OpenBSD Secure Shell server.
[1051]: Your public key has been saved in /etc/ssh/ssh_host_ed25519_key.pub.
[[0;32m  OK  [0m] Started Serial Getty on ttyS0.
[   51.106179] cloud-init         Starting Set console scheme...
[1051]: The key fingerprint is:
[[0;32m  OK  [0m] Started Set console scheme.
[   51.159983] [[0;32m  OK  [0m] Created slice system-getty.slice.
[[0;32m  OK  [0m] Started Getty on tty1.
[[0;32m  OK  [0m] Reached target Login Prompts.
[[0;32m  OK  [0m] Reached target Multi-User System.cloud-init[1051]: SHA256:nWCkk9ma3CIteVr460dk2ENJe0SOYmpXVrE+a5GeF+s root@ubuntu-zesty
[   51.170568] cloud-init[1051]: The key's randomart image is:
[   51.177991] cloud-init[1051]: +--[ED25519 256]--+

[[0;32m  OK  [0m] Reached target Graphical Interface.
         Starting Update UTMP about System Runlevel Changes...
[   51.178488] cloud-init[1051]: |       .oo=.     |
[[0;32m  OK  [0m] Started Update UTMP about System Runlevel Changes.
[   51.242612] cloud-init[1051]: |       *o* .     |
[   51.266341] cloud-init[1051]: |      B+O +      |
[   51.273011] cloud-init[1051]: |     B.X== o     |
[   51.300787] cloud-init[1051]: |    B XoS.B .    |
[   51.336300] cloud-init[1051]: |   . O ... = o   |
[   51.400389] cloud-init[1051]: |    . ..  = o    |
[   51.464292] cloud-init[1051]: |       ... o     |
[   51.538434] cloud-init[1051]: |     .o.    E    |
[   51.549600] cloud-init[1051]: +----[SHA256]-----+
[   51.619234] cloud-init[1399]: Generating locales (this might take a while)...
[   52.238754] cloud-init[1399]:   en_US.UTF-8... done
[   52.276393] cloud-init[1399]: Generation complete.
         Stopping OpenBSD Secure Shell server...
[[0;32m  OK  [0m] Stopped OpenBSD Secure Shell server.
         Starting OpenBSD Secure Shell server...
[[0;32m  OK  [0m] Started OpenBSD Secure Shell server.
[[0;32m  OK  [0m] Created slice User Slice of ubuntu.
         Starting User Manager for UID 1000...
[   52.756201] [cloud-init[0;32m  OK  [0m[1399]: ] Cloud-init v. 17.1 running 'modules:config' at Fri, 02 Feb 2018 12:05:43 +0000. Up 50.83 seconds.Started User Manager for UID 1000.

[[0;32m  OK  [0m] Started Session 1 of user ubuntu.
[[0;32m  OK  [0m] Started Apply the settings specified in cloud-config.
         Starting Execute cloud user/final scripts...
ci-info: no authorized ssh keys fingerprints found for user ubuntu.
<14>Feb  2 12:05:46 ec2: 
<14>Feb  2 12:05:46 ec2: #############################################################
<14>Feb  2 12:05:46 ec2: -----BEGIN SSH HOST KEY FINGERPRINTS-----
<14>Feb  2 12:05:46 ec2: 1024 SHA256:cxKuJ868NRD4e+jXbLarwjoC9aQL7agwIloyje4uE50 root@ubuntu-zesty (DSA)
<14>Feb  2 12:05:46 ec2: 256 SHA256:vOk4DcoRYvNM7TPch1tAQOsGa4FcB6LC8QZdEtCaahs root@ubuntu-zesty (ECDSA)
<14>Feb  2 12:05:46 ec2: 256 SHA256:nWCkk9ma3CIteVr460dk2ENJe0SOYmpXVrE+a5GeF+s root@ubuntu-zesty (ED25519)
<14>Feb  2 12:05:46 ec2: 2048 SHA256:qabgrtLbeaLJp4Veg5KVhI6GVfuXNa9icWhFG8ixY0E root@ubuntu-zesty (RSA)
<14>Feb  2 12:05:46 ec2: -----END SSH HOST KEY FINGERPRINTS-----
<14>Feb  2 12:05:46 ec2: #############################################################
-----BEGIN SSH HOST KEY KEYS-----
ecdsa-sha2-nistp256 AAAAE2VjZHNhLXNoYTItbmlzdHAyNTYAAAAIbmlzdHAyNTYAAABBBBEHxngc08MkvQKETNd0IQePtQ+N+KmGVjkfjI7pVnmx4f1TZPLVLvVBMZxEuZ+lWM+V2H6ia7SQQDScxabts+c= root@ubuntu-zesty
ssh-ed25519 AAAAC3NzaC1lZDI1NTE5AAAAIP11GdKrxvx9rhrBUs3WzzPLx1sbErmwlgozW+zUt5yH root@ubuntu-zesty
ssh-rsa AAAAB3NzaC1yc2EAAAADAQABAAABAQC3uJgDl3e35VG2eNoTOxriR5vDEOIO2WzF8siOqd+eFZ13Lpe6wwBGtdqJBbxuH8IYGkXdxJz1ZW5+mq0S46Or0poGogia8ra1VbF39fY8tALBn1NenoB2TSCpXm+jhB1SgHXpoEJGAIgT7BKkoJoPRPR4x0meufqDv5GyqI1WnwgMWDFxjv/NTUpeI31AP591u62POmGYkhChmwmwuDiAnniLpjOKMVCvyNVd8x7qKcplhsvYdSRCygqaKGUPXsknMhcNwMBAfGbZIhySheH5Aw7RcCo/EL9kJMfcPBOdtWHbctCA8hvbtE/bPbZGRtP/Mi7xzNcjCGRlzTAluQ79 root@ubuntu-zesty
-----END SSH HOST KEY KEYS-----
[   54.696121] cloud-init[1807]: Cloud-init v. 17.1 running 'modules:final' at Fri, 02 Feb 2018 12:05:46 +0000. Up 53.33 seconds.
[   54.723432] cloud-init[1807]: ci-info: no authorized ssh keys fingerprints found for user ubuntu.
[   54.725618] cloud-init[1807]: Cloud-init v. 17.1 finished at Fri, 02 Feb 2018 12:05:47 +0000. Datasource DataSourceNoCloud [seed=/dev/sdb][dsmode=net].  Up 54.69 seconds
[[0;32m  OK  [0m] Started Execute cloud user/final scripts.
[[0;32m  OK  [0m] Reached target Cloud-init target.

Ubuntu 17.04 ubuntu-zesty ttyS0

ubuntu-zesty login: 